Cure found in 1 mutation(s)
Cure found in 2 mutation(s)
Nostalgia for Infinity is doomed
Protein mutations are not deterministic
Cure found in 1 mutation(s)
Nostalgia for Infinity is doomed
Cure found in 0 mutation(s)
Nostalgia for Infinity is doomed
Cure found in 0 mutation(s)
Cure found in 1 mutation(s)
Nostalgia for Infinity is doomed
Cure found in 1 mutation(s)
Nostalgia for Infinity is doomed
Nostalgia for Infinity is doomed
Cure found in 1000 mutation(s)
Nostalgia for Infinity is doomed
Cure found in 2 mutation(s)
Nostalgia for Infinity is doomed
Cure found in 0 mutation(s)
Nostalgia for Infinity is doomed
