ES ELLA: ABBAABBACDCDCD
OTrO: Not a chance!
Soneto de repente: ABBAABBACDCDCD
Soneto I: Not a chance!
Definiendo el amor.: ABBAABBACDCDCD
Es la mujer.   : ABBAABBACDECDE
Dime, Padre común: Not a chance!
Habla un amante a un ciego.: ABBAABBACDCDCD
A la piedra del molino en tierra.: Not a chance!
Recogimiento.: ABBAABBACDECDE
Sin Contenido: Not a chance!
Lentamente mueres: Not a chance!
Oceánida: Not a chance!
Miro hacia atrás: Not a chance!
SONETO XXIII: ABBAABBACDEDCE
Ensayo II: Not a chance!