ALICE
BOB
FRED
ALICE
BOB
BOB
ALICE
B
B
B
B
A
OLIVER
OLIVER
EMMA
Z
C
C
E
E
S
W
Y
S
W
X
JI
GR
XHHE
TVAWN
U
QR
RKSIC
TKS
ZPEGE
ZP
EJCEU
OAZ
W
LMBPS
JXMDR
T
A
YYFS
QZCG
FCJVF
E
YGXP
YFPS
M
QU
T
NTOJ
LTSH
QO
UKUJ
NW
IQP
IP
QYYQ
UFNS
L
CJJ
X
NSZV
C
D
VZ
SRKTC
SR
OYCYP
S
KNTGL
TJI
UYRI
WEJAO
IA
ZJRC
PTE
UXGR
ZBF
OQAS
KG
H
DCZVQ
HCC
VYM
BBUN
NOFXW
TDRF
AILEX
MGX
PNRW
VVX
QBFT
U
OAGY
LSBS
LM
